// Jest Snapshot v1, https://goo.gl/fbAQLP

exports[`Testing snapshot for Mixpanel's incrementProperty destination action: all fields 1`] = `"data=%7B%22%24token%22%3A%22R6k%214wo2S%24%22%2C%22%24distinct_id%22%3A%22R6k%214wo2S%24%22%2C%22%24ip%22%3A%22R6k%214wo2S%24%22%2C%22%24add%22%3A%7B%22testType%22%3Anull%7D%7D"`;

exports[`Testing snapshot for Mixpanel's incrementProperty destination action: required fields 1`] = `"data=%7B%22%24token%22%3A%22R6k%214wo2S%24%22%2C%22%24distinct_id%22%3A%22R6k%214wo2S%24%22%2C%22%24add%22%3A%7B%22testType%22%3Anull%7D%7D"`;

exports[`Testing snapshot for Mixpanel's incrementProperty destination action: required fields 2`] = `
Headers {
  Symbol(map): Object {
    "Content-Type": Array [
      "application/x-www-form-urlencoded;charset=UTF-8",
    ],
    "user-agent": Array [
      "Segment (Actions)",
    ],
  },
}
`;
